################################################################################
#                                                                              #
#      IAR Universal Linker V4.59J/386                                         #
#                                                                              #
#           Link time     =  26/Jun/2011  10:22:26                             #
#           Target CPU    =  A90                                               #
#           List file     =  D:\work\argos\RS_RADIO\Debug\List\nmea.map        #
#           Output file 1 =  D:\work\argos\RS_RADIO\Debug\Exe\nmea.d90         #
#                            Format: ubrof8                                    #
#                            UBROF version 8.0.2                               #
#           Command line  =  D:\work\argos\RS_RADIO\Debug\Obj\crc.r90          #
#                            D:\work\argos\RS_RADIO\Debug\Obj\main.r90         #
#                            D:\work\argos\RS_RADIO\Debug\Obj\nmea.r90         #
#                            D:\work\argos\RS_RADIO\Debug\Obj\radio.r90        #
#                            D:\work\argos\RS_RADIO\Debug\Obj\spi.r90          #
#                            D:\work\argos\RS_RADIO\Debug\Obj\timer.r90        #
#                            D:\work\argos\RS_RADIO\Debug\Obj\uart.r90 -o      #
#                            D:\work\argos\RS_RADIO\Debug\Exe\nmea.d90         #
#                            -Fubrof8 -l                                       #
#                            D:\work\argos\RS_RADIO\Debug\List\nmea.map -xms   #
#                            "-ID:\MyProg\IAR_AVR_410B\IAR Systems\Embedded Wo #
#                            rkbench  Evaluation version\avr\LIB\"             #
#                            -f                                                #
#                            "D:\MyProg\IAR_AVR_410B\IAR Systems\Embedded Work #
#                            bench  Evaluation version\avr\src\template\cfgm16 #
#                            .xcl"                                             #
#                            (-D_..X_INTVEC_SIZE=54 -D_..X_FLASH_NEND=3FFF     #
#                            -D_..X_FLASH_END=3FFF -D_..X_SRAM_BASE=60         #
#                            -D_..X_SRAM_TBASE=_..X_SRAM_BASE                  #
#                            -D_..X_SRAM_TEND=FF -D_..X_SRAM_END=45F           #
#                            -D_..X_EXT_SRAM_BASE=_..X_SRAM_END                #
#                            -D_..X_EXT_SRAM_SIZE=0                            #
#                            -D_..X_EXT_ROM_BASE=_..X_SRAM_END                 #
#                            -D_..X_EXT_ROM_SIZE=0                             #
#                            -D_..X_EXT_NV_BASE=_..X_SRAM_END                  #
#                            -D_..X_EXT_NV_SIZE=0 -D_..X_EEPROM_END=1FF        #
#                            -D_..X_EEPROM_START=1) -D_..X_HEAP_SIZE=10        #
#                            -D_..X_TINY_HEAP_SIZE=0 -D_..X_NEAR_HEAP_SIZE=0   #
#                            -D_..X_FAR_HEAP_SIZE=0 -D_..X_HUGE_HEAP_SIZE=0    #
#                            -D_..X_CSTACK_SIZE=20 -D_..X_RSTACK_SIZE=20       #
#                            -e_small_write=_formatted_write                   #
#                            -e_medium_read=_formatted_read -f                 #
#                            "D:\MyProg\IAR_AVR_410B\IAR Systems\Embedded Work #
#                            bench  Evaluation version\avr\src\template\cfg3s. #
#                            xcl"                                              #
#                            (-ca90 -w29                                       #
#                            -Z(CODE)INTVEC=0-(_..X_INTVEC_SIZE-1)             #
#                            -Z(CODE)TINY_F=_..X_FLASH_BASE-FF                 #
#                            -Z(CODE)NEAR_F=_..X_FLASH_BASE-_..X_FLASH_NEND    #
#                            -Z(CODE)SWITCH=_..X_FLASH_BASE-_..X_FLASH_NEND    #
#                            -Z(CODE)DIFUNCT=_..X_FLASH_BASE-_..X_FLASH_NEND   #
#                            -Z(CODE)CODE=_..X_FLASH_BASE-_..X_FLASH_END       #
#                            -Z(CODE)FAR_F=[_..X_FLASH_BASE-_..X_FLASH_END]/10 #
#                            000                                               #
#                            -Z(CODE)INITTAB=_..X_FLASH_BASE-_..X_FLASH_END    #
#                            -Z(CODE)HUGE_F=_..X_FLASH_BASE-_..X_FLASH_END     #
#                            -Z(CODE)TINY_ID=_..X_FLASH_BASE-_..X_FLASH_END    #
#                            -Z(CODE)NEAR_ID=_..X_FLASH_BASE-_..X_FLASH_END    #
#                            -Z(CODE)CHECKSUM#_..X_FLASH_END                   #
#                            -Z(DATA)TINY_I,TINY_Z,TINY_N=_..X_SRAM_TBASE-_..X #
#                            _SRAM_TEND                                        #
#                            -Z(DATA)CSTACK+_..X_CSTACK_SIZE=_..X_CSTACK_BASE- #
#                            _..X_CSTACK_END                                   #
#                            -Z(DATA)HEAP+_..X_HEAP_SIZE=_..X_SRAM_BASE-_..X_S #
#                            RAM_END,_..X_EXT_SRAM_BASE:+_..X_EXT_SRAM_SIZE    #
#                            -Z(DATA)IOSTREAM_N#_..X_SRAM_BASE-_..X_SRAM_END,_ #
#                            ..X_EXT_SRAM_BASE:+_..X_EXT_SRAM_SIZE             #
#                            -Z(DATA)NEAR_HEAP+_..X_NEAR_HEAP_SIZE=_..X_SRAM_B #
#                            ASE-_..X_SRAM_END,_..X_EXT_SRAM_BASE:+_..X_EXT_SR #
#                            AM_SIZE                                           #
#                            -Z(DATA)RSTACK+_..X_RSTACK_SIZE=_..X_RSTACK_BASE- #
#                            _..X_RSTACK_END                                   #
#                            -Z(DATA)NEAR_I,NEAR_Z=_..X_SRAM_BASE-_..X_SRAM_EN #
#                            D,_..X_EXT_SRAM_BASE:+_..X_EXT_SRAM_SIZE          #
#                            -Z(DATA)NEAR_C=_..X_EXT_ROM_BASE:+_..X_EXT_ROM_SI #
#                            ZE                                                #
#                            -Z(DATA)NEAR_N=_..X_EXT_NV_BASE:+_..X_EXT_NV_SIZE #
#                            -Z(XDATA)EEPROM_I,EEPROM_N=_..X_EEPROM_START-_..X #
#                            _EEPROM_END)                                      #
#                            -D_..X_FLASH_BASE=2                               #
#                            -D_..X_CSTACK_BASE=_..X_SRAM_BASE                 #
#                            -D_..X_CSTACK_END=_..X_SRAM_END                   #
#                            -D_..X_RSTACK_BASE=_..X_SRAM_BASE                 #
#                            -D_..X_RSTACK_END=_..X_SRAM_END -s                #
#                            __program_start                                   #
#                            "D:\MyProg\IAR_AVR_410B\IAR Systems\Embedded Work #
#                            bench  Evaluation version\avr\LIB\CLIB\cl3s-ec-sf #
#                            .r90"                                             #
#                                                                              #
#                                                                              #
#                        Copyright 1987-2005 IAR Systems. All rights reserved. #
################################################################################





                ****************************************
                *                                      *
                *           CROSS REFERENCE            *
                *                                      *
                ****************************************

       Program entry at : CODE      00000000  Relocatable, from module : ?RESET




                ****************************************
                *                                      *
                *            RUNTIME MODEL             *
                *                                      *
                ****************************************

  __64bit_doubles = disabled
  __cpu           = 3
  __cpu_name      = ATmega16
  __enhanced_core = enabled
  __has_elpm      = false
  __memory_model  = 2
  __rt_version    = 3



                ****************************************
                *                                      *
                *              MODULE MAP              *
                *                                      *
                ****************************************


  DEFINED ABSOLUTE ENTRIES
  PROGRAM MODULE, NAME : ?ABS_ENTRY_MOD

Absolute parts
           ENTRY                   ADDRESS         REF BY
           =====                   =======         ======
           _..X_RSTACK_END         0000045F 
           _..X_RSTACK_BASE        00000060 
           _..X_CSTACK_END         0000045F 
           _..X_CSTACK_BASE        00000060 
           _..X_FLASH_BASE         00000002 
           _..X_RSTACK_SIZE        00000020 
           _..X_CSTACK_SIZE        00000020 
           _..X_HUGE_HEAP_SIZE     00000000 
           _..X_FAR_HEAP_SIZE      00000000 
           _..X_NEAR_HEAP_SIZE     00000000 
           _..X_TINY_HEAP_SIZE     00000000 
           _..X_HEAP_SIZE          00000010 
           _..X_EEPROM_START       00000001 
           _..X_EEPROM_END         000001FF 
           _..X_EXT_NV_SIZE        00000000 
           _..X_EXT_NV_BASE        0000045F 
           _..X_EXT_ROM_SIZE       00000000 
           _..X_EXT_ROM_BASE       0000045F 
           _..X_EXT_SRAM_SIZE      00000000 
           _..X_EXT_SRAM_BASE      0000045F 
           _..X_SRAM_END           0000045F 
           _..X_SRAM_TEND          000000FF 
           _..X_SRAM_TBASE         00000060 
           _..X_SRAM_BASE          00000060 
           _..X_FLASH_END          00003FFF 
           _..X_FLASH_NEND         00003FFF 
           _..X_INTVEC_SIZE        00000054 
    *************************************************************************

  FILE NAME : D:\work\argos\RS_RADIO\Debug\Obj\crc.r90
  PROGRAM MODULE, NAME : crc

  SEGMENTS IN THE MODULE
  ======================
NEAR_I
  Relative segment, address: DATA 000000A0 - 0000019F (0x100 bytes), align: 0
  Segment part 7.
           ENTRY                   ADDRESS         REF BY
           =====                   =======         ======
           crc8_table              000000A0        TR24_Data_Get (radio)
                                                   TR24_Data_Put (radio)
    -------------------------------------------------------------------------
ABSOLUTE (ABS)
  Relative segment, address: DATA 0000001C, align: 0
  Segment part 1. ROOT.
           ENTRY                   ADDRESS         REF BY
           =====                   =======         ======
           __?EECR                 0000001C 
    -------------------------------------------------------------------------
ABSOLUTE (ABS)
  Relative segment, address: DATA 0000001D, align: 0
  Segment part 2. ROOT.
           ENTRY                   ADDRESS         REF BY
           =====                   =======         ======
           __?EEDR                 0000001D 
    -------------------------------------------------------------------------
ABSOLUTE (ABS)
  Relative segment, address: DATA 0000001E, align: 0
  Segment part 3. ROOT.
           ENTRY                   ADDRESS         REF BY
           =====                   =======         ======
           __?EEARL                0000001E 
    -------------------------------------------------------------------------
ABSOLUTE (ABS)
  Relative segment, address: DATA 0000001F, align: 0
  Segment part 4. ROOT.
           ENTRY                   ADDRESS         REF BY
           =====                   =======         ======
           __?EEARH                0000001F 
    -------------------------------------------------------------------------
NEAR_ID
  Relative segment, address: CODE 0000073E - 0000083D (0x100 bytes), align: 0
  Segment part 8.             Intra module refs:   crc8_table
    -------------------------------------------------------------------------
INITTAB
  Relative segment, address: CODE 00000732 - 00000737 (0x6 bytes), align: 0
  Segment part 9.             Intra module refs:   TR24_Reg_Grp1 (radio)
                                                   TR24_Reg_Grp2 (radio)
                                                   crc8_table
           ENTRY                   ADDRESS         REF BY
           =====                   =======         ======
           ?<Segment init: NEAR_I>
                                   00000732 

    *************************************************************************

  FILE NAME : D:\work\argos\RS_RADIO\Debug\Obj\main.r90
  PROGRAM MODULE, NAME : main

  SEGMENTS IN THE MODULE
  ======================
CODE
  Relative segment, address: CODE 00000062 - 00000083 (0x22 bytes), align: 1
  Segment part 15.            Intra module refs:   main
           ENTRY                   ADDRESS         REF BY
           =====                   =======         ======
           IO_Init                 00000062 
               non_banked function
               stack 1 = 00000000 ( 00000002 )
    -------------------------------------------------------------------------
CODE
  Relative segment, address: CODE 00000084 - 000000AF (0x2c bytes), align: 1
  Segment part 16.
           ENTRY                   ADDRESS         REF BY
           =====                   =======         ======
           main                    00000084        ?cstartup_call_main (?C_STARTUP)
               non_banked function
               calls direct
               stack 1 = 00000000 ( 00000002 )
    -------------------------------------------------------------------------
ABSOLUTE (ABS)
  Relative segment, address: DATA 0000003B - 0000003B (0x1 bytes), align: 0
  Segment part 1. ROOT.
           ENTRY                   ADDRESS         REF BY
           =====                   =======         ======
           _A_PORTA                0000003B 
    -------------------------------------------------------------------------
ABSOLUTE (ABS)
  Relative segment, address: DATA 0000003A - 0000003A (0x1 bytes), align: 0
  Segment part 2. ROOT.
           ENTRY                   ADDRESS         REF BY
           =====                   =======         ======
           _A_DDRA                 0000003A 
    -------------------------------------------------------------------------
ABSOLUTE (ABS)
  Relative segment, address: DATA 00000038 - 00000038 (0x1 bytes), align: 0
  Segment part 3. ROOT.
           ENTRY                   ADDRESS         REF BY
           =====                   =======         ======
           _A_PORTB                00000038 
    -------------------------------------------------------------------------
ABSOLUTE (ABS)
  Relative segment, address: DATA 00000037 - 00000037 (0x1 bytes), align: 0
  Segment part 4. ROOT.
           ENTRY                   ADDRESS         REF BY
           =====                   =======         ======
           _A_DDRB                 00000037 
    -------------------------------------------------------------------------
ABSOLUTE (ABS)
  Relative segment, address: DATA 00000035 - 00000035 (0x1 bytes), align: 0
  Segment part 5. ROOT.
           ENTRY                   ADDRESS         REF BY
           =====                   =======         ======
           _A_PORTC                00000035 
    -------------------------------------------------------------------------
ABSOLUTE (ABS)
  Relative segment, address: DATA 00000034 - 00000034 (0x1 bytes), align: 0
  Segment part 6. ROOT.
           ENTRY                   ADDRESS         REF BY
           =====                   =======         ======
           _A_DDRC                 00000034 
    -------------------------------------------------------------------------
ABSOLUTE (ABS)
  Relative segment, address: DATA 00000032 - 00000032 (0x1 bytes), align: 0
  Segment part 7. ROOT.
           ENTRY                   ADDRESS         REF BY
           =====                   =======         ======
           _A_PORTD                00000032 
    -------------------------------------------------------------------------
ABSOLUTE (ABS)
  Relative segment, address: DATA 00000031 - 00000031 (0x1 bytes), align: 0
  Segment part 8. ROOT.
           ENTRY                   ADDRESS         REF BY
           =====                   =======         ======
           _A_DDRD                 00000031 

    *************************************************************************

  FILE NAME : D:\work\argos\RS_RADIO\Debug\Obj\nmea.r90
  PROGRAM MODULE, NAME : nmea

  SEGMENTS IN THE MODULE
  ======================
NEAR_Z
  Relative segment, address: DATA 0000022C - 0000022C (0x1 bytes), align: 0
  Segment part 7.             Intra module refs:   SW_Init
           ENTRY                   ADDRESS         REF BY
           =====                   =======         ======
           SW_Pos                  0000022C 
    -------------------------------------------------------------------------
NEAR_Z
  Relative segment, address: DATA 0000022D - 0000022D (0x1 bytes), align: 0
  Segment part 10.            Intra module refs:   SW_Init
           ENTRY                   ADDRESS         REF BY
           =====                   =======         ======
           SW_Pos_Pre              0000022D 
    -------------------------------------------------------------------------
NEAR_Z
  Relative segment, address: DATA 0000022E - 0000022E (0x1 bytes), align: 0
  Segment part 11.            Intra module refs:   SW_Init
           ENTRY                   ADDRESS         REF BY
           =====                   =======         ======
           SW_Seq_Idx              0000022E 
    -------------------------------------------------------------------------
NEAR_Z
  Relative segment, address: DATA 0000022F - 0000022F (0x1 bytes), align: 0
  Segment part 13.            Intra module refs:   SW_Init
           ENTRY                   ADDRESS         REF BY
           =====                   =======         ======
           SW_ACK_Pre              0000022F 
    -------------------------------------------------------------------------
NEAR_Z
  Relative segment, address: DATA 00000230 - 00000230 (0x1 bytes), align: 0
  Segment part 14.            Intra module refs:   SW_Init
           ENTRY                   ADDRESS         REF BY
           =====                   =======         ======
           PCK_End                 00000230        USART_RX_interrupt_handler (uart)
    -------------------------------------------------------------------------
CODE
  Relative segment, address: CODE 000000B0 - 000000CF (0x20 bytes), align: 1
  Segment part 20.
           ENTRY                   ADDRESS         REF BY
           =====                   =======         ======
           SW_Init                 000000B0        main (main)
               non_banked function
               stack 1 = 00000000 ( 00000002 )
    -------------------------------------------------------------------------
INITTAB
  Relative segment, address: CODE 00000738 - 0000073D (0x6 bytes), align: 0
  Segment part 8.             Intra module refs:   LanRFPLLChNb (radio)
                                                   PCK_End
                                                   RX_CHK_FIFO_Ptr (radio)
                                                   RX_GET_FIFO_Ptr (radio)
                                                   Radio_Active (radio)
                                                   Radio_Ready (radio)
                                                   Radio_State (radio)
                                                   SPI_RxBuffer (radio)
                                                   SPI_RxBuffer_0 (radio)
                                                   SPI_RxBuffer_1 (radio)
                                                   SPI_RxRdyBuffer (radio)
                                                   SPI_Rx_Cur_Buffer (radio)
                                                   SPI_TxBuffer (radio)
                                                   SW_ACK_Pre
                                                   SW_Pos
                                                   SW_Pos_Pre
                                                   SW_Seq_Idx
                                                   TX_SET_FIFO_Ptr (radio)
                                                   Timer_Cnt (radio)
                                                   UART_Tx_Buffer (radio)
                                                   WD_Cnt (radio)
                                                   WD_Rx_Time (radio)
           ENTRY                   ADDRESS         REF BY
           =====                   =======         ======
           ?<Segment init: NEAR_Z>
                                   00000738 

    *************************************************************************

  FILE NAME : D:\work\argos\RS_RADIO\Debug\Obj\radio.r90
  PROGRAM MODULE, NAME : radio

  SEGMENTS IN THE MODULE
  ======================
NEAR_I
  Relative segment, address: DATA 000001A0 - 000001CB (0x2c bytes), align: 0
  Segment part 19.            Intra module refs:   Timer_1ms_interrupt_handler
           ENTRY                   ADDRESS         REF BY
           =====                   =======         ======
           TR24_Reg_Grp1           000001A0 
    -------------------------------------------------------------------------
NEAR_I
  Relative segment, address: DATA 000001CC - 0000022B (0x60 bytes), align: 0
  Segment part 22.            Intra module refs:   Timer_1ms_interrupt_handler
           ENTRY                   ADDRESS         REF BY
           =====                   =======         ======
           TR24_Reg_Grp2           000001CC 
    -------------------------------------------------------------------------
NEAR_Z
  Relative segment, address: DATA 00000231 - 00000231 (0x1 bytes), align: 0
  Segment part 24.            Intra module refs:   PKT_INT
                                                   Radio_Start
                                                   Timer_1ms_interrupt_handler
           ENTRY                   ADDRESS         REF BY
           =====                   =======         ======
           LanRFPLLChNb            00000231 
    -------------------------------------------------------------------------
NEAR_Z
  Relative segment, address: DATA 00000232 - 00000232 (0x1 bytes), align: 0
  Segment part 26.            Intra module refs:   Radio_Start
                                                   Timer_1ms_interrupt_handler
           ENTRY                   ADDRESS         REF BY
           =====                   =======         ======
           Timer_Cnt               00000232 
    -------------------------------------------------------------------------
NEAR_Z
  Relative segment, address: DATA 00000233 - 00000233 (0x1 bytes), align: 0
  Segment part 27.            Intra module refs:   PKT_INT
                                                   Radio_Start
                                                   Timer_1ms_interrupt_handler
           ENTRY                   ADDRESS         REF BY
           =====                   =======         ======
           Radio_State             00000233 
    -------------------------------------------------------------------------
NEAR_Z
  Relative segment, address: DATA 00000234 - 00000234 (0x1 bytes), align: 0
  Segment part 28.            Intra module refs:   Radio_Start
                                                   TR24_Data_Get
                                                   Timer_1ms_interrupt_handler
           ENTRY                   ADDRESS         REF BY
           =====                   =======         ======
           WD_Cnt                  00000234 
    -------------------------------------------------------------------------
NEAR_Z
  Relative segment, address: DATA 00000235 - 00000235 (0x1 bytes), align: 0
  Segment part 29.            Intra module refs:   Radio_Start
                                                   Timer_1ms_interrupt_handler
           ENTRY                   ADDRESS         REF BY
           =====                   =======         ======
           WD_Rx_Time              00000235 
    -------------------------------------------------------------------------
NEAR_Z
  Relative segment, address: DATA 00000236 - 00000236 (0x1 bytes), align: 0
  Segment part 30.            Intra module refs:   Radio_Start
                                                   Timer_1ms_interrupt_handler
           ENTRY                   ADDRESS         REF BY
           =====                   =======         ======
           Radio_Ready             00000236 
    -------------------------------------------------------------------------
NEAR_Z
  Relative segment, address: DATA 00000237 - 00000237 (0x1 bytes), align: 0
  Segment part 31.            Intra module refs:   TR24_Data_Get
                                                   Timer_1ms_interrupt_handler
           ENTRY                   ADDRESS         REF BY
           =====                   =======         ======
           Radio_Active            00000237        main (main)
    -------------------------------------------------------------------------
NEAR_Z
  Relative segment, address: DATA 00000238 - 00000238 (0x1 bytes), align: 0
  Segment part 32.            Intra module refs:   Radio_Start
           ENTRY                   ADDRESS         REF BY
           =====                   =======         ======
           TX_SET_FIFO_Ptr         00000238 
    -------------------------------------------------------------------------
NEAR_Z
  Relative segment, address: DATA 00000239 - 00000239 (0x1 bytes), align: 0
  Segment part 33.            Intra module refs:   Radio_Start
                                                   Timer_1ms_interrupt_handler
           ENTRY                   ADDRESS         REF BY
           =====                   =======         ======
           RX_GET_FIFO_Ptr         00000239 
    -------------------------------------------------------------------------
NEAR_Z
  Relative segment, address: DATA 0000023A - 0000023A (0x1 bytes), align: 0
  Segment part 34.            Intra module refs:   Radio_Start
           ENTRY                   ADDRESS         REF BY
           =====                   =======         ======
           RX_CHK_FIFO_Ptr         0000023A 
    -------------------------------------------------------------------------
NEAR_Z
  Relative segment, address: DATA 0000023B - 0000024D (0x13 bytes), align: 0
  Segment part 35.            Intra module refs:   Radio_Start
                                                   TR24_Data_Put
                                                   Timer_1ms_interrupt_handler
           ENTRY                   ADDRESS         REF BY
           =====                   =======         ======
           SPI_TxBuffer            0000023B        USART_RX_interrupt_handler (uart)
    -------------------------------------------------------------------------
NEAR_Z
  Relative segment, address: DATA 0000024E - 0000024E (0x1 bytes), align: 0
  Segment part 36.            Intra module refs:   Radio_Start
                                                   TR24_Data_Get
           ENTRY                   ADDRESS         REF BY
           =====                   =======         ======
           SPI_Rx_Cur_Buffer       0000024E 
    -------------------------------------------------------------------------
NEAR_Z
  Relative segment, address: DATA 0000024F - 00000250 (0x2 bytes), align: 0
  Segment part 37.            Intra module refs:   Radio_Start
                                                   TR24_Data_Get
           ENTRY                   ADDRESS         REF BY
           =====                   =======         ======
           SPI_RxBuffer            0000024F 
    -------------------------------------------------------------------------
NEAR_Z
  Relative segment, address: DATA 00000251 - 00000252 (0x2 bytes), align: 0
  Segment part 38.            Intra module refs:   Radio_Start
                                                   TR24_Data_Get
                                                   Timer_1ms_interrupt_handler
           ENTRY                   ADDRESS         REF BY
           =====                   =======         ======
           SPI_RxRdyBuffer         00000251 
    -------------------------------------------------------------------------
NEAR_Z
  Relative segment, address: DATA 00000253 - 00000254 (0x2 bytes), align: 0
  Segment part 39.            Intra module refs:   Radio_Start
                                                   Timer_1ms_interrupt_handler
           ENTRY                   ADDRESS         REF BY
           =====                   =======         ======
           UART_Tx_Buffer          00000253 
    -------------------------------------------------------------------------
NEAR_Z
  Relative segment, address: DATA 00000255 - 00000267 (0x13 bytes), align: 0
  Segment part 40.            Intra module refs:   Radio_Start
                                                   TR24_Data_Get
           ENTRY                   ADDRESS         REF BY
           =====                   =======         ======
           SPI_RxBuffer_0          00000255 
    -------------------------------------------------------------------------
NEAR_Z
  Relative segment, address: DATA 00000268 - 0000027A (0x13 bytes), align: 0
  Segment part 41.            Intra module refs:   Radio_Start
                                                   TR24_Data_Get
           ENTRY                   ADDRESS         REF BY
           =====                   =======         ======
           SPI_RxBuffer_1          00000268 
    -------------------------------------------------------------------------
CODE
  Relative segment, address: CODE 000000D0 - 00000193 (0xc4 bytes), align: 1
  Segment part 42.
           ENTRY                   ADDRESS         REF BY
           =====                   =======         ======
           Radio_Start             000000D0        main (main)
               non_banked function
               stack 1 = 00000000 ( 00000002 )
    -------------------------------------------------------------------------
CODE
  Relative segment, address: CODE 00000194 - 000001CD (0x3a bytes), align: 1
  Segment part 43.            Intra module refs:   Timer_1ms_interrupt_handler
           ENTRY                   ADDRESS         REF BY
           =====                   =======         ======
           TR24_Send_Regs          00000194 
               non_banked function
               stack 1 = 00000000 ( 00000002 )
    -------------------------------------------------------------------------
CODE
  Relative segment, address: CODE 000001CE - 000001ED (0x20 bytes), align: 1
  Segment part 44.            Intra module refs:   PKT_INT
                                                   Timer_1ms_interrupt_handler
           ENTRY                   ADDRESS         REF BY
           =====                   =======         ======
           LanSPIRegAccess         000001CE 
               non_banked function
               stack 1 = 00000000 ( 00000002 )
    -------------------------------------------------------------------------
CODE
  Relative segment, address: CODE 000001EE - 0000023D (0x50 bytes), align: 1
  Segment part 45.            Intra module refs:   Timer_1ms_interrupt_handler
           ENTRY                   ADDRESS         REF BY
           =====                   =======         ======
           TR24_Data_Put           000001EE 
               non_banked function
               stack 1 = 00000000 ( 00000002 )
    -------------------------------------------------------------------------
CODE
  Relative segment, address: CODE 0000023E - 0000030D (0xd0 bytes), align: 1
  Segment part 46.            Intra module refs:   PKT_INT
           ENTRY                   ADDRESS         REF BY
           =====                   =======         ======
           TR24_Data_Get           0000023E 
               non_banked function
               stack 1 = 00000000 ( 00000002 )
    -------------------------------------------------------------------------
CODE
  Relative segment, address: CODE 0000030E - 0000051F (0x212 bytes), align: 1
  Segment part 47.            Intra module refs:   ??INTVEC 12
                                                   Segment part 49
           ENTRY                   ADDRESS         REF BY
           =====                   =======         ======
           Timer_1ms_interrupt_handler
                                   0000030E 
               interrupt, non_banked function
               calls direct
               stack 1 = 00000000 ( 00000002 )
               stack 2 = 00000000 ( 00000011 )
    -------------------------------------------------------------------------
CODE
  Relative segment, address: CODE 00000520 - 0000059F (0x80 bytes), align: 1
  Segment part 48.            Intra module refs:   ??INTVEC 72
           ENTRY                   ADDRESS         REF BY
           =====                   =======         ======
           PKT_INT                 00000520 
               interrupt, non_banked function
               calls direct
               stack 1 = 00000000 ( 00000002 )
               stack 2 = 00000000 ( 0000000F )
    -------------------------------------------------------------------------
INTVEC
  Common segment, address: CODE 00000000 - 0000000F (0x10 bytes), align: 1
  Segment part 15. ROOT.
           ENTRY                   ADDRESS         REF BY
           =====                   =======         ======
           ??INTVEC 12             0000000C 
    -------------------------------------------------------------------------
INTVEC
  Common segment, address: CODE 00000000 - 0000004B (0x4c bytes), align: 1
  Segment part 16. ROOT.
           ENTRY                   ADDRESS         REF BY
           =====                   =======         ======
           ??INTVEC 72             00000048 
    -------------------------------------------------------------------------
NEAR_ID
  Relative segment, address: CODE 0000083E - 00000869 (0x2c bytes), align: 0
  Segment part 20.            Intra module refs:   TR24_Reg_Grp1
    -------------------------------------------------------------------------
NEAR_ID
  Relative segment, address: CODE 0000086A - 000008C9 (0x60 bytes), align: 0
  Segment part 23.            Intra module refs:   TR24_Reg_Grp2
    -------------------------------------------------------------------------
SWITCH
  Relative segment, address: CODE 0000004C - 00000061 (0x16 bytes), align: 1
  Segment part 49.            Intra module refs:   Timer_1ms_interrupt_handler
    -------------------------------------------------------------------------
ABSOLUTE (ABS)
  Relative segment, address: DATA 0000005B - 0000005B (0x1 bytes), align: 0
  Segment part 1. ROOT.
           ENTRY                   ADDRESS         REF BY
           =====                   =======         ======
           _A_GICR                 0000005B 
    -------------------------------------------------------------------------
ABSOLUTE (ABS)
  Relative segment, address: DATA 0000005A - 0000005A (0x1 bytes), align: 0
  Segment part 2. ROOT.
           ENTRY                   ADDRESS         REF BY
           =====                   =======         ======
           _A_GIFR                 0000005A 
    -------------------------------------------------------------------------
ABSOLUTE (ABS)
  Relative segment, address: DATA 00000059 - 00000059 (0x1 bytes), align: 0
  Segment part 3. ROOT.
           ENTRY                   ADDRESS         REF BY
           =====                   =======         ======
           _A_TIMSK                00000059 
    -------------------------------------------------------------------------
ABSOLUTE (ABS)
  Relative segment, address: DATA 00000054 - 00000054 (0x1 bytes), align: 0
  Segment part 4. ROOT.
           ENTRY                   ADDRESS         REF BY
           =====                   =======         ======
           _A_MCUCSR               00000054 
    -------------------------------------------------------------------------
ABSOLUTE (ABS)
  Relative segment, address: DATA 0000002F - 0000002F (0x1 bytes), align: 0
  Segment part 7. ROOT.
           ENTRY                   ADDRESS         REF BY
           =====                   =======         ======
           _A_SPDR                 0000002F 
    -------------------------------------------------------------------------
ABSOLUTE (ABS)
  Relative segment, address: DATA 0000002E - 0000002E (0x1 bytes), align: 0
  Segment part 8. ROOT.
           ENTRY                   ADDRESS         REF BY
           =====                   =======         ======
           _A_SPSR                 0000002E 
    -------------------------------------------------------------------------
ABSOLUTE (ABS)
  Relative segment, address: DATA 0000002C - 0000002C (0x1 bytes), align: 0
  Segment part 9. ROOT.
           ENTRY                   ADDRESS         REF BY
           =====                   =======         ======
           _A_UDR                  0000002C 
    -------------------------------------------------------------------------
ABSOLUTE (ABS)
  Relative segment, address: DATA 0000002B - 0000002B (0x1 bytes), align: 0
  Segment part 10. ROOT.
           ENTRY                   ADDRESS         REF BY
           =====                   =======         ======
           _A_UCSRA                0000002B 

    *************************************************************************

  FILE NAME : D:\work\argos\RS_RADIO\Debug\Obj\spi.r90
  PROGRAM MODULE, NAME : spi

  SEGMENTS IN THE MODULE
  ======================
CODE
  Relative segment, address: CODE 000005A0 - 000005AB (0xc bytes), align: 1
  Segment part 9.
           ENTRY                   ADDRESS         REF BY
           =====                   =======         ======
           SPIInit                 000005A0        main (main)
               non_banked function
               stack 1 = 00000000 ( 00000002 )
    -------------------------------------------------------------------------
ABSOLUTE (ABS)
  Relative segment, address: DATA 0000002D - 0000002D (0x1 bytes), align: 0
  Segment part 2. ROOT.
           ENTRY                   ADDRESS         REF BY
           =====                   =======         ======
           _A_SPCR                 0000002D 

    *************************************************************************

  FILE NAME : D:\work\argos\RS_RADIO\Debug\Obj\timer.r90
  PROGRAM MODULE, NAME : timer

  SEGMENTS IN THE MODULE
  ======================
CODE
  Relative segment, address: CODE 000005AC - 000005BD (0x12 bytes), align: 1
  Segment part 11.
           ENTRY                   ADDRESS         REF BY
           =====                   =======         ======
           Timer_Init              000005AC        main (main)
               non_banked function
               stack 1 = 00000000 ( 00000002 )
    -------------------------------------------------------------------------
ABSOLUTE (ABS)
  Relative segment, address: DATA 00000045 - 00000045 (0x1 bytes), align: 0
  Segment part 1. ROOT.
           ENTRY                   ADDRESS         REF BY
           =====                   =======         ======
           _A_TCCR2                00000045 
    -------------------------------------------------------------------------
ABSOLUTE (ABS)
  Relative segment, address: DATA 00000044 - 00000044 (0x1 bytes), align: 0
  Segment part 2. ROOT.
           ENTRY                   ADDRESS         REF BY
           =====                   =======         ======
           _A_TCNT2                00000044 
    -------------------------------------------------------------------------
ABSOLUTE (ABS)
  Relative segment, address: DATA 00000043 - 00000043 (0x1 bytes), align: 0
  Segment part 3. ROOT.
           ENTRY                   ADDRESS         REF BY
           =====                   =======         ======
           _A_OCR2                 00000043 
    -------------------------------------------------------------------------
ABSOLUTE (ABS)
  Relative segment, address: DATA 00000042 - 00000042 (0x1 bytes), align: 0
  Segment part 4. ROOT.
           ENTRY                   ADDRESS         REF BY
           =====                   =======         ======
           _A_ASSR                 00000042 

    *************************************************************************

  FILE NAME : D:\work\argos\RS_RADIO\Debug\Obj\uart.r90
  PROGRAM MODULE, NAME : uart

  SEGMENTS IN THE MODULE
  ======================
CODE
  Relative segment, address: CODE 000005BE - 000005CF (0x12 bytes), align: 1
  Segment part 12.
           ENTRY                   ADDRESS         REF BY
           =====                   =======         ======
           USART_Init              000005BE        main (main)
               non_banked function
               stack 1 = 00000000 ( 00000002 )
    -------------------------------------------------------------------------
CODE
  Relative segment, address: CODE 000005D0 - 00000617 (0x48 bytes), align: 1
  Segment part 13.            Intra module refs:   ??INTVEC 44
           ENTRY                   ADDRESS         REF BY
           =====                   =======         ======
           USART_RX_interrupt_handler
                                   000005D0 
               interrupt, non_banked function
               stack 1 = 00000000 ( 00000002 )
               stack 2 = 00000000 ( 00000006 )
    -------------------------------------------------------------------------
INTVEC
  Common segment, address: CODE 00000000 - 0000002F (0x30 bytes), align: 1
  Segment part 9. ROOT.
           ENTRY                   ADDRESS         REF BY
           =====                   =======         ======
           ??INTVEC 44             0000002C 
    -------------------------------------------------------------------------
ABSOLUTE (ABS)
  Relative segment, address: DATA 00000040 - 00000040 (0x1 bytes), align: 0
  Segment part 1. ROOT.
           ENTRY                   ADDRESS         REF BY
           =====                   =======         ======
           _A_UBRRH                00000040 
    -------------------------------------------------------------------------
ABSOLUTE (ABS)
  Relative segment, address: DATA 0000002A - 0000002A (0x1 bytes), align: 0
  Segment part 3. ROOT.
           ENTRY                   ADDRESS         REF BY
           =====                   =======         ======
           _A_UCSRB                0000002A 
    -------------------------------------------------------------------------
ABSOLUTE (ABS)
  Relative segment, address: DATA 00000029 - 00000029 (0x1 bytes), align: 0
  Segment part 4. ROOT.
           ENTRY                   ADDRESS         REF BY
           =====                   =======         ======
           _A_UBRRL                00000029 

    *************************************************************************

  FILE NAME : D:\MyProg\IAR_AVR_410B\IAR Systems\Embedded Workbench  Evaluation version\avr\LIB\CLIB\cl3s-ec-sf.r90
  LIBRARY MODULE, NAME : ?__exit

  SEGMENTS IN THE MODULE
  ======================
CODE
  Relative segment, address: CODE 00000618 - 0000061D (0x6 bytes), align: 1
  Segment part 0.
           ENTRY                   ADDRESS         REF BY
           =====                   =======         ======
           __exit                  0000061A 
           ?C_EXIT                 0000061A 
           ?C_FUNCALL              00000618 
           _exit                   00000618        ?cstartup_call_main (?C_STARTUP)
           exit                    00000618        ?cstartup_call_main (?C_STARTUP)

    -------------------------------------------------------------------------
  LIBRARY MODULE, NAME : ?RESET

  SEGMENTS IN THE MODULE
  ======================
INTVEC
  Common segment, address: CODE 00000000 - 00000003 (0x4 bytes), align: 1
  Segment part 0. ROOT.
           ENTRY                   ADDRESS         REF BY
           =====                   =======         ======
           __program_start         00000000        Absolute parts (?ABS_ENTRY_MOD)
           ?RESET                  00000000        Segment part 2 (?C_STARTUP)

    -------------------------------------------------------------------------
  LIBRARY MODULE, NAME : ?C_STARTUP

  SEGMENTS IN THE MODULE
  ======================
CODE
  Relative segment, address: CODE 0000061E, align: 1
  Segment part 2.
           ENTRY                   ADDRESS         REF BY
           =====                   =======         ======
           ?C_STARTUP              0000061E        Segment part 0 (?RESET)
           __RESTART               0000061E 
    -------------------------------------------------------------------------
CODE
  Relative segment, address: CODE 0000061E - 00000629 (0xc bytes), align: 1
  Segment part 5.             Intra module refs:   Segment part 2
    -------------------------------------------------------------------------
CODE
  Relative segment, address: CODE 0000062A - 0000062D (0x4 bytes), align: 1
  Segment part 7.             Intra module refs:   Segment part 5
           ENTRY                   ADDRESS         REF BY
           =====                   =======         ======
           ?call_low_level_init    0000062A 
    -------------------------------------------------------------------------
CODE
  Relative segment, address: CODE 0000062E - 00000635 (0x8 bytes), align: 1
  Segment part 8.
           ENTRY                   ADDRESS         REF BY
           =====                   =======         ======
           ?need_segment_init      0000062E        ?<Segment init: NEAR_I> (crc)
                                                   ?<Segment init: NEAR_Z> (nmea)
    -------------------------------------------------------------------------
CODE
  Relative segment, address: CODE 00000636 - 00000641 (0xc bytes), align: 1
  Segment part 9.             Intra module refs:   ?call_low_level_init
           ENTRY                   ADDRESS         REF BY
           =====                   =======         ======
           ?cstartup_call_main     00000636 

    -------------------------------------------------------------------------
  LIBRARY MODULE, NAME : ?xV_SWITCH_L06

  SEGMENTS IN THE MODULE
  ======================
CODE
  Relative segment, address: CODE 00000642 - 000006DD (0x9c bytes), align: 1
  Segment part 0.
           ENTRY                   ADDRESS         REF BY
           =====                   =======         ======
           ?CV_SWITCH_L06          00000654        Timer_1ms_interrupt_handler (radio)
           ?SV_SWITCH_L06          0000065C 
           ?LV_SWITCH_L06          00000668 

    -------------------------------------------------------------------------
  LIBRARY MODULE, NAME : ?low_level_init

  SEGMENTS IN THE MODULE
  ======================
CODE
  Relative segment, address: CODE 000006DE - 000006E1 (0x4 bytes), align: 1
  Segment part 3.
           ENTRY                   ADDRESS         REF BY
           =====                   =======         ======
           __low_level_init        000006DE        ?call_low_level_init (?C_STARTUP)
               non_banked function
               stack 1 = 00000000 ( 00000002 )

    -------------------------------------------------------------------------
  LIBRARY MODULE, NAME : ?segment_init

  SEGMENTS IN THE MODULE
  ======================
CODE
  Relative segment, address: CODE 000006E2 - 000006E9 (0x8 bytes), align: 1
  Segment part 3.             Intra module refs:   __segment_init
           ENTRY                   ADDRESS         REF BY
           =====                   =======         ======
           __memclr                000006E2 
               non_banked function
               stack 1 = 00000000 ( 00000002 )
    -------------------------------------------------------------------------
CODE
  Relative segment, address: CODE 000006EA - 000006F1 (0x8 bytes), align: 1
  Segment part 4.             Intra module refs:   __segment_init
           ENTRY                   ADDRESS         REF BY
           =====                   =======         ======
           __flashcpy              000006EA 
               non_banked function
               stack 1 = 00000000 ( 00000002 )
    -------------------------------------------------------------------------
CODE
  Relative segment, address: CODE 000006F2 - 000006FD (0xc bytes), align: 1
  Segment part 5.             Intra module refs:   __flashcpy
                                                   __memclr
    -------------------------------------------------------------------------
CODE
  Relative segment, address: CODE 000006FE - 00000731 (0x34 bytes), align: 1
  Segment part 6.
           ENTRY                   ADDRESS         REF BY
           =====                   =======         ======
           __segment_init          000006FE        ?need_segment_init (?C_STARTUP)
               non_banked function
               calls direct
               stack 1 = 00000000 ( 00000002 )




                ****************************************
                *                                      *
                *      SEGMENTS IN ADDRESS ORDER       *
                *                                      *
                ****************************************


SEGMENT              SPACE    START ADDRESS   END ADDRESS     SIZE  TYPE  ALIGN
=======              =====    =============   ===========     ====  ====  =====
INTVEC               CODE          00000000 - 0000004B          4C   com    1
SWITCH               CODE          0000004C - 00000061          16   rel    1
CODE                 CODE          00000062 - 00000731         6D0   rel    1
INITTAB              CODE          00000732 - 0000073D           C   rel    0
NEAR_ID              CODE          0000073E - 000008C9         18C   rel    0
ABSOLUTE (ABS)       DATA               0000001C                     rel    0
                     DATA               0000001D                   
                     DATA               0000001E                   
                     DATA               0000001F                   
                     DATA          00000029 - 00000029           1 
                     DATA          0000002A - 0000002A           1 
                     DATA          0000002B - 0000002B           1 
                     DATA          0000002C - 0000002C           1 
                     DATA          0000002D - 0000002D           1 
                     DATA          0000002E - 0000002E           1 
                     DATA          0000002F - 0000002F           1 
                     DATA          00000031 - 00000031           1 
                     DATA          00000032 - 00000032           1 
                     DATA          00000034 - 00000034           1 
                     DATA          00000035 - 00000035           1 
                     DATA          00000037 - 00000037           1 
                     DATA          00000038 - 00000038           1 
                     DATA          0000003A - 0000003A           1 
                     DATA          0000003B - 0000003B           1 
                     DATA          00000040 - 00000040           1 
                     DATA          00000042 - 00000042           1 
                     DATA          00000043 - 00000043           1 
                     DATA          00000044 - 00000044           1 
                     DATA          00000045 - 00000045           1 
                     DATA          00000054 - 00000054           1 
                     DATA          00000059 - 00000059           1 
                     DATA          0000005A - 0000005A           1 
                     DATA          0000005B - 0000005B           1 
CSTACK               DATA          00000060 - 0000007F          20   dse    0
RSTACK               DATA          00000080 - 0000009F          20   dse    0
NEAR_I               DATA          000000A0 - 0000022B         18C   rel    0
NEAR_Z               DATA          0000022C - 0000027A          4F   rel    0

                ****************************************
                *                                      *
                *        END OF CROSS REFERENCE        *
                *                                      *
                ****************************************

 2 250 bytes of CODE memory
   539 bytes of DATA memory (+ 24 absolute )

Errors: none
Warnings: none

